W, [2019-05-29T05:10:09.011593 #2854]  WARN -- Feedjira: Failed to parse last modified ''
"Synced Entry - 「それドコで買ったの？」と言われるような“それドコ”BRAND、エントリー7♡"
"Synced Entry - あなたのメイク中のお供はなに？朝の支度がもっと楽しくなる＃GRWMをご紹介♡"
"Synced Entry - あのハンバーグが食べたくて。東京から日帰りで行く「さわやか」メインの旅行プラン"
"Synced Entry - フケ？って思われたらどうしよう…。ヘアスプレーのお悩み、白い粉の原因と解決策"
"Synced Entry - あなたの初夏の金運アップ度は？MERY Weekly 心理テスト♡"
"Synced Entry - クリアな白目で透明感ビーーーム！ちゅるんな瞳をつくる、8つのアイメイク方法？"
"Synced Entry - 100円均一はここまで進化したらしい。プチプラ可愛い靴下がインスタで話題沸騰中♡"
"Synced Entry - え？これは買うっきゃないでしょ！SPINNS2019の水着がプチプラで鬼可愛いとの噂"
"Synced Entry - 気付いてる？夏休みまで3ヶ月しかないって。本気で痩せたい女子必見のホットヨガ"
"Synced Entry - アホ毛とこなれヘアの境界線はど〜こだ。脱ボサボサ髪で梅雨もノンストレスに"
"Synced Entry - 本は読まないけど語彙力は欲しくて。大人から始める「言葉」のインプットの心得"
"Synced Entry - ムック本の進化が止まらない〜♡注目すべきお気に入りのブランドブック図鑑"
"Synced Entry - 追求したいのは心地よさ。お洒落SUMMERはストレスフリーな“ゴムウエスト”で"
"Synced Entry - 保護活動をはじめます。髪の毛のキューティクルを守るヘアアレンジ＆ケアアイテム"
"Synced Entry - どれかは既に持っているかも？巷で人気の“神7”優秀クッションファンデーション"
"Synced Entry - トレンド服が映えないのは体型のせい？綺麗に着こなすためのトップス別ダイエット"
"Synced Entry - ビーチでもSNSでも視線はひとりじめ♡安い＆お目立ち度120％の浮き輪カタログ"
"Synced Entry - For：届いた洋服にガッカリしたgirls、通販の買い物上手になれるメソッド4つ"
"Synced Entry - 自己満足とか言わないで。自分で自分を肯定したくなるためのちょっぴりメイク術"
"Synced Entry - 「花柄スカートにはTシャツを…」は待った！it以外で着回して最高の可愛いを"
"Synced Blog - Mery"
